1) 5, 3 [8] => 8 
2) 6, 4 [12] => 20 
3) 2, 7 [9] => 29 
4) 10 [19] => 48 
5) 4, 5 [9] => 57 
6) 3, 7 [20] => 77 
7) 10 [28] => 105 
8) 10 [19] => 124 
9) 8, 1 [9] => 133 
10) 10, 10, 10 [30] => 163 
